<?xml version="1.0"?>
<rhythmdb-playlists>
  <playlist name="MyPlaylist" show-browser="true" browser-position="231" search-type="search-match" type="static"/>
</rhythmdb-playlists>

